      ‚ï≠‚îÄ‚îÄ‚îÄ‚îÄ‚îÄ‚îÄ‚îÄ‚îÄ‚îÄ‚îÄ‚îÄ‚îÄ‚îÄ‚îÄ‚îÄ‚îÄ‚îÄ‚îÄ‚îÄ‚îÄ‚îÄ‚îÄ‚îÄ‚îÄ‚îÄ‚îÄ‚îÄ‚îÄ‚îÄ‚îÄ‚îÄ‚îÄ‚îÄ‚îÄ‚îÄ‚îÄ‚îÄ‚îÄ‚îÄ‚îÄ‚îÄ‚îÄ‚îÄ‚îÄ‚îÄ‚îÄ‚îÄ‚îÄ‚îÄ‚îÄ‚îÄ‚îÄ‚îÄ‚îÄ‚îÄ‚îÄ‚îÄ‚îÄ‚îÄ‚îÄ‚îÄ‚îÄ‚îÄ‚îÄ‚îÄ‚îÄ‚îÄ‚îÄ‚îÄ‚îÄ‚îÄ‚îÄ‚ïÆ
[38;5;247m[10]:[0m ‚îÇ                                                                        ‚îÇ
      ‚ï∞‚îÄ‚îÄ‚îÄ‚îÄ‚îÄ‚îÄ‚îÄ‚îÄ‚îÄ‚îÄ‚îÄ‚îÄ‚îÄ‚îÄ‚îÄ‚îÄ‚îÄ‚îÄ‚îÄ‚îÄ‚îÄ‚îÄ‚îÄ‚îÄ‚îÄ‚îÄ‚îÄ‚îÄ‚îÄ‚îÄ‚îÄ‚îÄ‚îÄ‚îÄ‚îÄ‚îÄ‚îÄ‚îÄ‚îÄ‚îÄ‚îÄ‚îÄ‚îÄ‚îÄ‚îÄ‚îÄ‚îÄ‚îÄ‚îÄ‚îÄ‚îÄ‚îÄ‚îÄ‚îÄ‚îÄ‚îÄ‚îÄ‚îÄ‚îÄ‚îÄ‚îÄ‚îÄ‚îÄ‚îÄ‚îÄ‚îÄ‚îÄ‚îÄ‚îÄ‚îÄ‚îÄ‚îÄ‚ïØ
                                                                                
       <IPython.core.display.Javascript object>                                 
                                                                                
       ]8;id=17695;file://{{ tempfile_path }}0.html\[94müåê Click to view HTML[0m]8;;\                                                    
                                                                                
                                                                                
       [48;2;255;255;255m                                                                         [0m
       [48;2;255;255;255m                                                                         [0m
       [48;2;255;255;255m        [0m[38;2;255;255;255;48;2;253;253;253m‚ñÄ[0m[38;2;255;255;255;48;2;248;248;248m‚ñÄ[0m[38;2;255;255;255;48;2;255;255;255m                                                               [0m
       [48;2;255;255;255m     [0m[38;2;246;246;246;48;2;234;234;234m‚ñÄ[0m[38;2;239;239;239;48;2;207;207;207m‚ñÄ[0m[38;2;239;239;239;48;2;219;219;219m‚ñÄ[0m[38;2;231;231;231;48;2;200;200;200m‚ñÄ[0m[38;2;228;228;228;48;2;230;230;230m‚ñÄ[0m[38;2;228;228;228;48;2;255;255;255m      [0m[38;2;255;255;255;48;2;248;248;248m‚ñÄ[0m[38;2;255;255;255;48;2;245;245;245m‚ñÄ[0m[38;2;255;255;255;48;2;246;246;246m‚ñÄ[0m[38;2;255;255;255;48;2;244;244;244m‚ñÄ[0m[38;2;255;255;255;48;2;253;253;253m‚ñÄ[0m[38;2;255;255;255;48;2;246;246;246m‚ñÄ[0m[38;2;255;255;255;48;2;242;242;242m‚ñÄ[0m[38;2;255;255;255;48;2;246;246;246m‚ñÄ[0m[38;2;255;255;255;48;2;243;243;243m‚ñÄ[0m[38;2;255;255;255;48;2;238;238;238m‚ñÄ[0m[38;2;255;255;255;48;2;246;246;246m‚ñÄ[0m[38;2;255;255;255;48;2;244;244;244m‚ñÄ‚ñÄ[0m[38;2;255;255;255;48;2;254;254;254m‚ñÄ[0m[38;2;255;255;255;48;2;255;255;255m                                [0m[38;2;255;255;255;48;2;230;230;253m‚ñÄ[0m[38;2;255;255;255;48;2;244;244;254m‚ñÄ[0m[38;2;255;255;255;48;2;255;255;255m         [0m
       [48;2;255;255;255m     [0m[38;2;242;242;242;48;2;255;255;255m‚ñÄ[0m[38;2;237;237;237;48;2;255;255;255m‚ñÄ[0m[38;2;242;242;242;48;2;255;255;255m‚ñÄ[0m[38;2;231;231;231;48;2;244;244;244m‚ñÄ[0m[38;2;228;228;228;48;2;227;227;227m‚ñÄ[0m[38;2;228;228;228;48;2;255;255;255m  [0m[38;2;221;222;252;48;2;251;251;255m‚ñÄ[0m[38;2;233;234;253;48;2;253;253;255m‚ñÄ[0m[38;2;233;234;253;48;2;255;255;255m  [0m[38;2;218;218;218;48;2;252;252;252m‚ñÄ[0m[38;2;183;183;183;48;2;247;247;247m‚ñÄ[0m[38;2;185;185;185;48;2;244;244;244m‚ñÄ[0m[38;2;194;194;194;48;2;250;250;250m‚ñÄ[0m[38;2;219;219;219;48;2;253;253;253m‚ñÄ[0m[38;2;186;186;186;48;2;243;243;243m‚ñÄ[0m[38;2;191;191;191;48;2;250;250;250m‚ñÄ[0m[38;2;190;190;190;48;2;248;248;248m‚ñÄ[0m[38;2;184;184;184;48;2;243;243;243m‚ñÄ[0m[38;2;178;178;178;48;2;245;245;245m‚ñÄ[0m[38;2;181;181;181;48;2;242;242;242m‚ñÄ[0m[38;2;193;193;193;48;2;247;247;247m‚ñÄ[0m[38;2;192;192;192;48;2;244;244;244m‚ñÄ[0m[38;2;242;242;242;48;2;252;252;252m‚ñÄ[0m[38;2;242;242;242;48;2;255;255;255m                            [0m[38;2;255;255;255;48;2;251;251;255m‚ñÄ[0m[38;2;255;255;255;48;2;206;207;250m‚ñÄ[0m[38;2;242;242;254;48;2;155;157;245m‚ñÄ[0m[38;2;188;189;248;48;2;145;147;245m‚ñÄ[0m[38;2;147;150;245;48;2;148;148;241m‚ñÄ[0m[38;2;232;233;254;48;2;233;230;246m‚ñÄ[0m[38;2;232;233;254;48;2;255;255;255m         [0m
       [48;2;255;255;255m        [0m[48;2;243;243;243m [0m[48;2;227;227;227m [0m[48;2;255;255;255m  [0m[38;2;255;254;253;48;2;254;234;218m‚ñÄ[0m[38;2;255;255;254;48;2;255;241;231m‚ñÄ[0m[38;2;255;255;254;48;2;255;255;255m  [0m[38;2;248;248;248;48;2;216;216;216m‚ñÄ[0m[38;2;241;241;241;48;2;181;181;181m‚ñÄ[0m[38;2;239;239;239;48;2;194;194;194m‚ñÄ[0m[38;2;244;244;244;48;2;188;188;188m‚ñÄ[0m[38;2;233;233;233;48;2;178;178;178m‚ñÄ[0m[38;2;242;242;242;48;2;185;185;185m‚ñÄ[0m[38;2;242;242;242;48;2;180;180;180m‚ñÄ[0m[38;2;240;240;240;48;2;199;199;199m‚ñÄ[0m[38;2;247;247;247;48;2;204;204;204m‚ñÄ[0m[38;2;247;247;247;48;2;255;255;255m                              [0m[38;2;255;255;255;48;2;240;241;254m‚ñÄ[0m[38;2;255;255;255;48;2;185;186;248m‚ñÄ[0m[38;2;224;225;252;48;2;147;149;245m‚ñÄ[0m[38;2;167;169;247;48;2;147;149;245m‚ñÄ[0m[38;2;145;147;245;48;2;135;137;244m‚ñÄ[0m[38;2;148;150;245;48;2;106;109;241m‚ñÄ[0m[38;2;133;136;245;48;2;120;122;242m‚ñÄ[0m[38;2;114;112;234;48;2;143;145;245m‚ñÄ[0m[38;2;227;219;236;48;2;235;235;254m‚ñÄ[0m[38;2;227;219;236;48;2;255;255;255m         [0m
       [48;2;255;255;255m     [0m[38;2;255;255;255;48;2;245;245;245m‚ñÄ[0m[38;2;255;255;255;48;2;233;233;233m‚ñÄ[0m[38;2;255;255;255;48;2;238;238;238m‚ñÄ[0m[38;2;245;245;245;48;2;223;223;223m‚ñÄ[0m[38;2;227;227;227;48;2;229;229;229m‚ñÄ[0m[38;2;227;227;227;48;2;255;255;255m      [0m[38;2;249;249;249;48;2;255;255;255m‚ñÄ[0m[38;2;246;246;246;48;2;255;255;255m‚ñÄ[0m[38;2;251;251;251;48;2;255;255;255m‚ñÄ[0m[38;2;247;247;247;48;2;255;255;255m‚ñÄ[0m[38;2;248;248;248;48;2;255;255;255m‚ñÄ‚ñÄ[0m[38;2;247;247;247;48;2;255;255;255m‚ñÄ[0m[38;2;251;251;251;48;2;255;255;255m‚ñÄ[0m[38;2;247;247;247;48;2;255;255;255m‚ñÄ[0m[38;2;247;247;247;48;2;255;255;255m                         [0m[38;2;255;255;255;48;2;236;237;253m‚ñÄ[0m[38;2;255;255;255;48;2;248;248;254m‚ñÄ[0m[38;2;255;255;255;48;2;229;229;253m‚ñÄ[0m[38;2;252;252;255;48;2;170;171;247m‚ñÄ[0m[38;2;206;207;250;48;2;146;148;245m‚ñÄ[0m[38;2;155;157;246;48;2;138;140;244m‚ñÄ[0m[38;2;146;148;245;48;2;116;119;242m‚ñÄ[0m[38;2;137;139;244;48;2;117;119;242m‚ñÄ[0m[38;2;115;118;242;48;2;139;141;244m‚ñÄ[0m[38;2;118;121;242;48;2;146;148;245m‚ñÄ[0m[38;2;140;142;244;48;2;148;150;245m‚ñÄ[0m[38;2;147;149;245;48;2;174;175;247m‚ñÄ[0m[38;2;146;148;245;48;2;219;219;252m‚ñÄ[0m[38;2;235;235;253;48;2;252;252;255m‚ñÄ[0m[38;2;235;235;253;48;2;255;255;255m         [0m
       [48;2;255;255;255m     [0m[38;2;233;233;233;48;2;246;246;246m‚ñÄ[0m[38;2;207;207;207;48;2;242;242;242m‚ñÄ[0m[38;2;209;209;209;48;2;245;245;245m‚ñÄ[0m[38;2;195;195;195;48;2;236;236;236m‚ñÄ[0m[38;2;230;230;230;48;2;228;228;228m‚ñÄ[0m[38;2;230;230;230;48;2;255;255;255m                      [0m[38;2;255;255;255;48;2;255;254;253m‚ñÄ[0m[38;2;255;255;255;48;2;254;244;235m‚ñÄ[0m[38;2;255;255;255;48;2;255;255;255m    [0m[38;2;255;255;255;48;2;255;245;238m‚ñÄ[0m[38;2;255;255;255;48;2;255;252;249m‚ñÄ[0m[38;2;255;255;255;48;2;255;255;255m    [0m[38;2;255;255;255;48;2;248;248;254m‚ñÄ[0m[38;2;255;255;255;48;2;213;214;251m‚ñÄ[0m[38;2;255;255;255;48;2;255;255;255m   [0m[38;2;255;255;255;48;2;217;217;251m‚ñÄ[0m[38;2;223;224;252;48;2;164;166;246m‚ñÄ[0m[38;2;180;182;248;48;2;139;141;244m‚ñÄ[0m[38;2;151;153;245;48;2;119;121;242m‚ñÄ[0m[38;2;138;140;244;48;2;114;117;242m‚ñÄ[0m[38;2;118;121;242;48;2;134;136;244m‚ñÄ[0m[38;2;115;118;242;48;2;145;147;245m‚ñÄ[0m[38;2;136;139;244;48;2;157;159;246m‚ñÄ[0m[38;2;146;148;245;48;2;195;196;249m‚ñÄ[0m[38;2;152;154;245;48;2;239;239;253m‚ñÄ[0m[38;2;185;187;248;48;2;253;253;255m‚ñÄ[0m[38;2;232;232;253;48;2;212;214;252m‚ñÄ[0m[38;2;232;232;253;48;2;255;255;255m            [0m
       [48;2;255;255;255m        [0m[38;2;244;244;244;48;2;243;243;243m‚ñÄ[0m[38;2;244;244;244;48;2;227;227;227m [0m[38;2;244;244;244;48;2;255;255;255m                      [0m[38;2;255;253;251;48;2;255;255;255m‚ñÄ[0m[38;2;254;234;217;48;2;255;243;232m‚ñÄ[0m[38;2;255;255;255;48;2;233;231;249m‚ñÄ[0m[38;2;255;255;255;48;2;222;223;252m‚ñÄ[0m[38;2;255;255;255;48;2;255;255;255m  [0m[38;2;254;236;221;48;2;255;255;255m‚ñÄ[0m[38;2;250;243;242;48;2;212;214;252m‚ñÄ[0m[38;2;254;254;255;48;2;239;239;254m‚ñÄ[0m[38;2;255;255;255;48;2;242;243;254m‚ñÄ[0m[38;2;252;253;255;48;2;246;247;254m‚ñÄ[0m[38;2;243;244;254;48;2;216;217;252m‚ñÄ[0m[38;2;253;253;255;48;2;255;255;255m‚ñÄ[0m[38;2;246;247;254;48;2;250;250;255m‚ñÄ[0m[38;2;255;255;255;48;2;203;204;250m‚ñÄ[0m[38;2;237;237;253;48;2;149;151;245m‚ñÄ[0m[38;2;182;183;248;48;2;119;122;242m‚ñÄ[0m[38;2;141;143;244;48;2;112;115;242m‚ñÄ[0m[38;2;119;122;242;48;2;129;131;243m‚ñÄ[0m[38;2;113;116;242;48;2;145;147;245m‚ñÄ[0m[38;2;131;134;243;48;2;166;168;247m‚ñÄ[0m[38;2;145;147;245;48;2;210;211;251m‚ñÄ[0m[38;2;162;164;246;48;2;249;249;255m‚ñÄ[0m[38;2;204;205;250;48;2;255;255;255m‚ñÄ[0m[38;2;245;245;254;48;2;255;255;255m‚ñÄ[0m[38;2;255;255;255;48;2;255;254;253m‚ñÄ[0m[38;2;255;255;255;48;2;254;240;229m‚ñÄ[0m[38;2;255;255;255;48;2;253;218;190m‚ñÄ[0m[38;2;248;246;250;48;2;253;199;154m‚ñÄ[0m[38;2;254;237;223;48;2;252;188;136m‚ñÄ[0m[38;2;253;215;184;48;2;252;187;134m‚ñÄ[0m[38;2;254;245;237;48;2;254;242;232m‚ñÄ[0m[38;2;254;245;237;48;2;255;255;255m         [0m
       [48;2;255;255;255m        [0m[38;2;243;243;243;48;2;244;244;244m‚ñÄ[0m[38;2;243;243;243;48;2;227;227;227m [0m[38;2;243;243;243;48;2;255;255;255m     [0m[38;2;255;254;253;48;2;255;250;246m‚ñÄ[0m[38;2;255;249;245;48;2;254;229;209m‚ñÄ[0m[38;2;255;249;245;48;2;255;255;255m             [0m[38;2;255;255;255;48;2;219;220;252m‚ñÄ[0m[38;2;255;255;255;48;2;237;237;253m‚ñÄ[0m[38;2;255;255;255;48;2;214;215;251m‚ñÄ[0m[38;2;254;236;221;48;2;255;255;255m‚ñÄ[0m[38;2;252;250;250;48;2;255;255;255m‚ñÄ[0m[38;2;251;252;255;48;2;254;225;202m‚ñÄ[0m[38;2;255;250;246;48;2;254;226;202m‚ñÄ[0m[38;2;255;255;255;48;2;213;215;253m‚ñÄ[0m[38;2;255;255;255;48;2;250;250;255m‚ñÄ[0m[38;2;255;255;255;48;2;255;255;255m [0m[38;2;237;237;253;48;2;198;199;250m‚ñÄ[0m[38;2;223;223;252;48;2;235;235;253m‚ñÄ[0m[38;2;255;255;255;48;2;203;204;251m‚ñÄ[0m[38;2;255;255;255;48;2;178;167;225m‚ñÄ[0m[38;2;220;221;252;48;2;125;125;239m‚ñÄ[0m[38;2;159;161;246;48;2;101;104;241m‚ñÄ[0m[38;2;121;123;243;48;2;100;103;241m‚ñÄ[0m[38;2;111;113;242;48;2;147;149;245m‚ñÄ[0m[38;2;127;129;243;48;2;172;174;247m‚ñÄ[0m[38;2;145;147;245;48;2;218;220;254m‚ñÄ[0m[38;2;169;171;247;48;2;253;255;255m‚ñÄ[0m[38;2;215;216;252;48;2;255;255;254m‚ñÄ[0m[38;2;253;254;255;48;2;223;213;232m‚ñÄ[0m[38;2;255;255;255;48;2;245;215;199m‚ñÄ[0m[38;2;255;255;255;48;2;253;192;143m‚ñÄ[0m[38;2;254;243;233;48;2;252;187;134m‚ñÄ[0m[38;2;254;221;196;48;2;252;188;136m‚ñÄ[0m[38;2;253;201;159;48;2;252;186;133m‚ñÄ[0m[38;2;252;189;139;48;2;252;181;123m‚ñÄ[0m[38;2;252;188;136;48;2;250;171;109m‚ñÄ[0m[38;2;253;189;136;48;2;245;162;100m‚ñÄ[0m[38;2;252;185;130;48;2;252;170;103m‚ñÄ[0m[38;2;252;177;117;48;2;252;177;116m‚ñÄ[0m[38;2;254;239;227;48;2;254;241;230m‚ñÄ[0m[38;2;254;239;227;48;2;255;255;255m         [0m
       [48;2;255;255;255m     [0m[38;2;239;239;239;48;2;237;237;237m‚ñÄ[0m[38;2;234;234;234;48;2;211;211;211m‚ñÄ[0m[38;2;227;227;227;48;2;225;225;225m‚ñÄ[0m[38;2;220;220;220;48;2;203;203;203m‚ñÄ[0m[38;2;229;229;229;48;2;230;230;230m‚ñÄ[0m[38;2;229;229;229;48;2;255;255;255m               [0m[38;2;255;255;255;48;2;255;242;233m‚ñÄ[0m[38;2;255;255;255;48;2;254;241;230m‚ñÄ[0m[38;2;255;255;255;48;2;255;255;255m  [0m[38;2;255;255;255;48;2;255;247;240m‚ñÄ[0m[38;2;245;246;255;48;2;255;253;250m‚ñÄ[0m[38;2;252;252;255;48;2;227;228;253m‚ñÄ[0m[38;2;245;245;254;48;2;239;240;254m‚ñÄ[0m[38;2;245;245;254;48;2;255;255;255m  [0m[38;2;212;209;243;48;2;229;209;214m‚ñÄ[0m[38;2;244;245;255;48;2;229;227;249m‚ñÄ[0m[38;2;244;244;254;48;2;255;255;255m‚ñÄ[0m[38;2;254;254;255;48;2;253;253;255m‚ñÄ[0m[38;2;255;255;255;48;2;208;209;250m‚ñÄ[0m[38;2;245;245;254;48;2;138;140;244m‚ñÄ[0m[38;2;188;189;249;48;2;106;109;241m‚ñÄ[0m[38;2;120;122;243;48;2;108;110;242m‚ñÄ[0m[38;2;107;107;235;48;2;148;152;247m‚ñÄ[0m[38;2;121;123;242;48;2;189;193;253m‚ñÄ[0m[38;2;149;151;245;48;2;232;234;255m‚ñÄ[0m[38;2;149;152;247;48;2;251;244;241m‚ñÄ[0m[38;2;199;203;254;48;2;252;227;208m‚ñÄ[0m[38;2;254;255;255;48;2;253;208;171m‚ñÄ[0m[38;2;255;249;238;48;2;253;192;143m‚ñÄ[0m[38;2;254;226;202;48;2;252;184;130m‚ñÄ[0m[38;2;252;190;141;48;2;252;178;119m‚ñÄ[0m[38;2;245;182;137;48;2;252;173;108m‚ñÄ[0m[38;2;250;185;134;48;2;251;168;101m‚ñÄ[0m[38;2;252;180;121;48;2;251;171;105m‚ñÄ[0m[38;2;252;175;114;48;2;252;177;117m‚ñÄ[0m[38;2;251;170;104;48;2;252;185;130m‚ñÄ[0m[38;2;251;168;101;48;2;252;188;137m‚ñÄ[0m[38;2;252;173;110;48;2;252;188;137m‚ñÄ[0m[38;2;251;180;124;48;2;252;187;134m‚ñÄ[0m[38;2;249;184;135;48;2;252;187;134m‚ñÄ[0m[38;2;249;184;135;48;2;252;190;140m [0m[38;2;252;189;137;48;2;252;198;153m‚ñÄ[0m[38;2;254;242;232;48;2;254;245;237m‚ñÄ[0m[38;2;254;242;232;48;2;255;255;255m         [0m
       [48;2;255;255;255m   [0m[38;2;255;255;255;48;2;228;228;228m‚ñÄ[0m[38;2;255;255;255;48;2;234;234;234m‚ñÄ[0m[38;2;252;252;252;48;2;255;255;255m‚ñÄ[0m[38;2;248;248;248;48;2;255;255;255m‚ñÄ[0m[38;2;250;250;250;48;2;255;255;255m‚ñÄ[0m[38;2;241;241;241;48;2;243;243;243m‚ñÄ[0m[38;2;241;241;241;48;2;227;227;227m [0m[38;2;241;241;241;48;2;255;255;255m        [0m[38;2;254;237;223;48;2;255;247;242m‚ñÄ[0m[38;2;255;245;238;48;2;255;251;248m‚ñÄ[0m[38;2;255;245;238;48;2;255;255;255m   [0m[38;2;254;239;227;48;2;255;249;245m‚ñÄ[0m[38;2;255;242;233;48;2;255;250;246m‚ñÄ[0m[38;2;255;251;245;48;2;236;237;253m‚ñÄ[0m[38;2;255;217;179;48;2;234;221;228m‚ñÄ[0m[38;2;204;203;248;48;2;250;241;236m‚ñÄ[0m[38;2;214;194;212;48;2;239;208;196m‚ñÄ[0m[38;2;255;238;219;48;2;255;255;255m‚ñÄ[0m[38;2;231;187;170;48;2;255;248;240m‚ñÄ[0m[38;2;193;193;245;48;2;230;230;253m‚ñÄ[0m[38;2;243;240;248;48;2;248;249;254m‚ñÄ[0m[38;2;255;233;214;48;2;255;247;238m‚ñÄ[0m[38;2;255;255;255;48;2;233;233;253m‚ñÄ[0m[38;2;243;232;233;48;2;183;185;250m‚ñÄ[0m[38;2;223;223;251;48;2;155;158;247m‚ñÄ[0m[38;2;220;211;235;48;2;107;108;238m‚ñÄ[0m[38;2;151;149;237;48;2;113;116;243m‚ñÄ[0m[38;2;106;109;242;48;2;160;165;251m‚ñÄ[0m[38;2;108;111;243;48;2;212;209;244m‚ñÄ[0m[38;2;153;157;250;48;2;246;227;218m‚ñÄ[0m[38;2;201;204;253;48;2;255;216;179m‚ñÄ[0m[38;2;240;234;243;48;2;254;193;142m‚ñÄ[0m[38;2;255;234;213;48;2;252;178;118m‚ñÄ[0m[38;2;255;213;176;48;2;251;165;96m‚ñÄ[0m[38;2;253;193;144;48;2;251;166;97m‚ñÄ[0m[38;2;252;182;124;48;2;251;170;104m‚ñÄ[0m[38;2;251;173;111;48;2;251;176;115m‚ñÄ[0m[38;2;245;163;102;48;2;247;178;126m‚ñÄ[0m[38;2;251;168;102;48;2;252;187;134m‚ñÄ[0m[38;2;251;173;110;48;2;252;190;140m‚ñÄ[0m[38;2;252;181;123;48;2;252;196;151m‚ñÄ[0m[38;2;252;186;132;48;2;253;205;167m‚ñÄ[0m[38;2;252;187;135;48;2;253;218;190m‚ñÄ[0m[38;2;252;188;136;48;2;254;232;213m‚ñÄ[0m[38;2;252;190;140;48;2;254;244;235m‚ñÄ[0m[38;2;252;196;151;48;2;255;253;251m‚ñÄ[0m[38;2;253;207;169;48;2;255;255;255m‚ñÄ[0m[38;2;253;220;193;48;2;255;255;255m‚ñÄ[0m[38;2;254;233;216;48;2;255;255;255m‚ñÄ[0m[38;2;254;244;236;48;2;255;255;255m‚ñÄ[0m[38;2;255;252;251;48;2;255;255;255m‚ñÄ[0m[38;2;255;252;251;48;2;255;255;255m          [0m
       [48;2;255;255;255m  [0m[38;2;254;254;254;48;2;250;250;250m‚ñÄ[0m[38;2;195;195;195;48;2;189;189;189m‚ñÄ[0m[38;2;191;191;191;48;2;214;214;214m‚ñÄ[0m[38;2;253;253;253;48;2;255;255;255m‚ñÄ[0m[38;2;253;253;253;48;2;255;255;255m  [0m[38;2;253;253;253;48;2;243;243;243m [0m[38;2;253;253;253;48;2;227;227;227m [0m[38;2;253;253;253;48;2;255;255;255m          [0m[38;2;243;243;254;48;2;237;238;253m‚ñÄ[0m[38;2;240;241;254;48;2;233;234;253m‚ñÄ[0m[38;2;254;238;223;48;2;255;251;247m‚ñÄ[0m[38;2;255;243;232;48;2;253;250;249m‚ñÄ[0m[38;2;255;255;255;48;2;214;217;255m‚ñÄ[0m[38;2;245;247;255;48;2;255;234;217m‚ñÄ[0m[38;2;168;174;255;48;2;218;199;211m‚ñÄ[0m[38;2;196;181;220;48;2;186;187;246m‚ñÄ[0m[38;2;255;240;221;48;2;218;217;246m‚ñÄ[0m[38;2;210;214;255;48;2;230;230;251m‚ñÄ[0m[38;2;243;230;230;48;2;208;184;206m‚ñÄ[0m[38;2;205;190;221;48;2;236;235;252m‚ñÄ[0m[38;2;244;221;211;48;2;180;178;242m‚ñÄ[0m[38;2;238;237;250;48;2;104;108;243m‚ñÄ[0m[38;2;107;111;244;48;2;115;113;232m‚ñÄ[0m[38;2;87;93;245;48;2;172;153;209m‚ñÄ[0m[38;2;116;116;238;48;2;228;179;161m‚ñÄ[0m[38;2;166;157;226;48;2;253;175;110m‚ñÄ[0m[38;2;222;205;219;48;2;255;174;106m‚ñÄ[0m[38;2;251;211;179;48;2;252;166;96m‚ñÄ[0m[38;2;255;194;140;48;2;251;166;97m‚ñÄ[0m[38;2;253;175;111;48;2;251;175;113m‚ñÄ[0m[38;2;251;167;99;48;2;252;178;118m‚ñÄ[0m[38;2;251;167;99;48;2;252;191;142m‚ñÄ[0m[38;2;251;173;109;48;2;253;209;173m‚ñÄ[0m[38;2;251;162;90;48;2;254;225;202m‚ñÄ[0m[38;2;252;182;126;48;2;254;237;224m‚ñÄ[0m[38;2;252;194;147;48;2;255;248;242m‚ñÄ[0m[38;2;253;203;162;48;2;255;255;255m‚ñÄ[0m[38;2;254;215;184;48;2;255;255;255m‚ñÄ[0m[38;2;254;229;209;48;2;255;255;255m‚ñÄ[0m[38;2;254;242;232;48;2;255;255;255m‚ñÄ[0m[38;2;255;251;248;48;2;255;255;255m‚ñÄ[0m[38;2;255;251;248;48;2;255;255;255m   [0m[38;2;255;247;241;48;2;255;254;252m‚ñÄ[0m[38;2;254;232;215;48;2;255;251;249m‚ñÄ[0m[38;2;254;232;215;48;2;255;255;255m               [0m
       [48;2;255;255;255m  [0m[38;2;254;254;254;48;2;255;255;255m‚ñÄ[0m[38;2;235;235;235;48;2;255;255;255m‚ñÄ[0m[38;2;247;247;247;48;2;255;255;255m‚ñÄ[0m[38;2;255;255;255;48;2;237;237;237m‚ñÄ[0m[38;2;255;255;255;48;2;229;229;229m‚ñÄ[0m[38;2;255;255;255;48;2;226;226;226m‚ñÄ[0m[38;2;244;244;244;48;2;208;208;208m‚ñÄ[0m[38;2;227;227;227;48;2;229;229;229m‚ñÄ[0m[38;2;227;227;227;48;2;255;255;255m            [0m[38;2;255;255;255;48;2;225;226;254m‚ñÄ[0m[38;2;182;185;252;48;2;235;237;255m‚ñÄ[0m[38;2;181;169;223;48;2;244;242;250m‚ñÄ[0m[38;2;231;176;150;48;2;247;240;241m‚ñÄ[0m[38;2;189;184;237;48;2;232;233;254m‚ñÄ[0m[38;2;208;164;168;48;2;219;205;224m‚ñÄ[0m[38;2;173;167;232;48;2;203;185;215m‚ñÄ[0m[38;2;204;181;208;48;2;150;119;186m‚ñÄ[0m[38;2;156;148;228;48;2;129;89;164m‚ñÄ[0m[38;2;135;127;224;48;2;200;122;104m‚ñÄ[0m[38;2;126;98;188;48;2;243;148;78m‚ñÄ[0m[38;2;185;134;151;48;2;253;170;101m‚ñÄ[0m[38;2;239;165;116;48;2;245;176;126m‚ñÄ[0m[38;2;255;168;95;48;2;253;202;162m‚ñÄ[0m[38;2;254;166;93;48;2;253;222;196m‚ñÄ[0m[38;2;248;167;104;48;2;254;239;226m‚ñÄ[0m[38;2;252;176;115;48;2;255;246;239m‚ñÄ[0m[38;2;252;182;126;48;2;255;248;243m‚ñÄ[0m[38;2;253;204;165;48;2;255;255;255m‚ñÄ[0m[38;2;254;226;204;48;2;255;255;255m‚ñÄ[0m[38;2;254;236;221;48;2;255;255;255m‚ñÄ[0m[38;2;254;231;213;48;2;255;255;255m‚ñÄ[0m[38;2;255;246;239;48;2;255;255;255m‚ñÄ[0m[38;2;255;246;239;48;2;255;255;255m   [0m[38;2;255;252;250;48;2;255;254;253m‚ñÄ[0m[38;2;254;220;193;48;2;255;244;235m‚ñÄ[0m[38;2;254;238;225;48;2;255;249;245m‚ñÄ[0m[38;2;255;245;237;48;2;255;252;249m‚ñÄ[0m[38;2;254;237;223;48;2;255;249;244m‚ñÄ[0m[38;2;254;237;223;48;2;255;255;255m                    [0m
       [48;2;255;255;255m     [0m[38;2;238;238;238;48;2;254;254;254m‚ñÄ[0m[38;2;213;213;213;48;2;252;252;252m‚ñÄ[0m[38;2;215;215;215;48;2;254;254;254m‚ñÄ[0m[38;2;204;204;204;48;2;243;243;243m‚ñÄ[0m[38;2;230;230;230;48;2;227;227;227m‚ñÄ[0m[38;2;230;230;230;48;2;255;255;255m        [0m[38;2;255;255;255;48;2;255;252;250m‚ñÄ[0m[38;2;210;213;254;48;2;246;235;233m‚ñÄ[0m[38;2;251;248;248;48;2;251;207;171m‚ñÄ[0m[38;2;243;245;255;48;2;224;181;171m‚ñÄ[0m[38;2;177;174;241;48;2;225;160;131m‚ñÄ[0m[38;2;216;209;236;48;2;230;153;110m‚ñÄ[0m[38;2;255;237;219;48;2;234;152;101m‚ñÄ[0m[38;2;255;220;185;48;2;194;120;110m‚ñÄ[0m[38;2;229;171;145;48;2;176;107;120m‚ñÄ[0m[38;2;179;111;119;48;2;193;131;133m‚ñÄ[0m[38;2;177;107;117;48;2;218;175;170m‚ñÄ[0m[38;2;211;134;107;48;2;255;235;213m‚ñÄ[0m[38;2;250;174;113;48;2;217;211;240m‚ñÄ[0m[38;2;255;200;152;48;2;241;242;255m‚ñÄ[0m[38;2;255;221;193;48;2;255;255;255m‚ñÄ[0m[38;2;248;232;225;48;2;251;253;255m‚ñÄ[0m[38;2;228;224;244;48;2;231;233;254m‚ñÄ[0m[38;2;228;224;244;48;2;255;255;255m   [0m[38;2;255;246;239;48;2;255;249;244m‚ñÄ[0m[38;2;254;241;231;48;2;255;246;239m‚ñÄ[0m[38;2;254;241;231;48;2;255;255;255m               [0m[38;2;255;252;249;48;2;255;243;234m‚ñÄ[0m[38;2;255;250;246;48;2;254;236;221m‚ñÄ[0m[38;2;255;250;246;48;2;255;255;255m                [0m
       [48;2;255;255;255m        [0m[48;2;243;243;243m [0m[48;2;227;227;227m [0m[48;2;255;255;255m [0m[38;2;255;255;255;48;2;255;247;241m‚ñÄ[0m[38;2;255;255;255;48;2;253;215;183m‚ñÄ[0m[38;2;255;255;254;48;2;253;203;162m‚ñÄ[0m[38;2;255;248;242;48;2;252;193;145m‚ñÄ[0m[38;2;254;237;223;48;2;252;184;129m‚ñÄ[0m[38;2;254;224;200;48;2;249;173;113m‚ñÄ[0m[38;2;253;210;175;48;2;248;166;102m‚ñÄ[0m[38;2;253;196;150;48;2;251;166;97m‚ñÄ[0m[38;2;254;185;127;48;2;253;166;95m‚ñÄ[0m[38;2;245;167;110;48;2;228;154;115m‚ñÄ[0m[38;2;239;145;78;48;2;173;113;134m‚ñÄ[0m[38;2;236;145;84;48;2;120;91;185m‚ñÄ[0m[38;2;177;116;134;48;2;131;123;226m‚ñÄ[0m[38;2;129;95;177;48;2;197;166;189m‚ñÄ[0m[38;2;121;99;199;48;2;223;207;221m‚ñÄ[0m[38;2;204;190;224;48;2;241;243;255m‚ñÄ[0m[38;2;223;222;249;48;2;255;253;246m‚ñÄ[0m[38;2;208;211;255;48;2;255;255;252m‚ñÄ[0m[38;2;253;255;255;48;2;242;242;254m‚ñÄ[0m[38;2;223;225;254;48;2;229;230;253m‚ñÄ[0m[38;2;238;238;254;48;2;251;251;255m‚ñÄ[0m[38;2;244;245;255;48;2;237;233;245m‚ñÄ[0m[38;2;241;242;254;48;2;233;230;246m‚ñÄ[0m[38;2;255;255;255;48;2;249;235;228m‚ñÄ[0m[38;2;255;255;255;48;2;250;249;253m‚ñÄ[0m[38;2;255;255;255;48;2;255;255;255m [0m[38;2;255;255;255;48;2;255;249;243m‚ñÄ[0m[38;2;255;255;255;48;2;246;245;252m‚ñÄ[0m[38;2;255;255;255;48;2;229;230;253m‚ñÄ[0m[38;2;255;255;255;48;2;255;249;243m‚ñÄ[0m[38;2;255;255;255;48;2;255;247;240m‚ñÄ[0m[38;2;255;255;255;48;2;255;255;255m                               [0m
       [48;2;255;255;255m      [0m[38;2;255;255;255;48;2;253;253;253m‚ñÄ[0m[38;2;255;255;255;48;2;252;252;252m‚ñÄ[0m[38;2;243;243;243;48;2;241;241;241m‚ñÄ[0m[38;2;243;243;243;48;2;227;227;227m [0m[38;2;243;243;243;48;2;255;255;255m [0m[38;2;254;238;223;48;2;254;232;215m‚ñÄ[0m[38;2;252;178;118;48;2;252;170;104m‚ñÄ[0m[38;2;251;172;108;48;2;255;181;118m‚ñÄ[0m[38;2;251;168;100;48;2;255;188;131m‚ñÄ[0m[38;2;254;171;102;48;2;237;182;151m‚ñÄ[0m[38;2;241;164;110;48;2;201;165;182m‚ñÄ[0m[38;2;234;158;111;48;2;150;133;210m‚ñÄ[0m[38;2;207;150;145;48;2;104;104;236m‚ñÄ[0m[38;2;164;118;159;48;2;94;101;249m‚ñÄ[0m[38;2;112;93;203;48;2;185;173;225m‚ñÄ[0m[38;2;97;99;238;48;2;214;213;249m‚ñÄ[0m[38;2;183;158;200;48;2;240;242;255m‚ñÄ[0m[38;2;225;183;175;48;2;255;255;255m‚ñÄ[0m[38;2;204;178;200;48;2;253;255;255m‚ñÄ[0m[38;2;223;183;178;48;2;255;255;255m‚ñÄ[0m[38;2;211;208;243;48;2;255;255;255m‚ñÄ[0m[38;2;255;237;215;48;2;234;236;255m‚ñÄ[0m[38;2;255;252;244;48;2;251;252;255m‚ñÄ[0m[38;2;210;211;252;48;2;255;255;255m‚ñÄ[0m[38;2;208;209;251;48;2;255;255;255m‚ñÄ[0m[38;2;208;209;251;48;2;255;255;255m [0m[38;2;255;238;222;48;2;255;255;255m‚ñÄ[0m[38;2;255;244;228;48;2;255;255;255m‚ñÄ[0m[38;2;232;198;191;48;2;255;255;255m‚ñÄ[0m[38;2;235;235;252;48;2;255;255;255m‚ñÄ[0m[38;2;235;235;252;48;2;255;255;255m [0m[38;2;254;231;211;48;2;255;255;255m‚ñÄ[0m[38;2;247;242;245;48;2;255;255;255m‚ñÄ[0m[38;2;232;234;254;48;2;255;255;255m‚ñÄ[0m[38;2;254;230;209;48;2;255;255;255m‚ñÄ[0m[38;2;254;224;200;48;2;255;255;255m‚ñÄ[0m[38;2;254;224;200;48;2;255;255;255m                               [0m
       [48;2;255;255;255m     [0m[38;2;228;228;228;48;2;236;236;236m‚ñÄ[0m[38;2;204;204;204;48;2;212;212;212m‚ñÄ[0m[38;2;217;217;217;48;2;229;229;229m‚ñÄ[0m[38;2;210;210;210;48;2;214;214;214m‚ñÄ[0m[38;2;230;230;230;48;2;229;229;229m‚ñÄ[0m[38;2;230;230;230;48;2;255;255;255m [0m[38;2;255;240;226;48;2;243;240;248m‚ñÄ[0m[38;2;254;195;146;48;2;177;172;236m‚ñÄ[0m[38;2;229;189;177;48;2;135;139;248m‚ñÄ[0m[38;2;184;166;212;48;2;109;114;246m‚ñÄ[0m[38;2;136;135;238;48;2;114;117;243m‚ñÄ[0m[38;2;107;112;246;48;2;155;158;248m‚ñÄ[0m[38;2;117;122;247;48;2;202;203;252m‚ñÄ[0m[38;2;159;162;247;48;2;245;246;254m‚ñÄ[0m[38;2;142;140;237;48;2;200;185;220m‚ñÄ[0m[38;2;248;229;217;48;2;227;211;221m‚ñÄ[0m[38;2;232;232;252;48;2;214;204;230m‚ñÄ[0m[38;2;221;221;251;48;2;243;225;219m‚ñÄ[0m[38;2;232;233;253;48;2;250;238;229m‚ñÄ[0m[38;2;255;248;238;48;2;235;228;238m‚ñÄ[0m[38;2;255;245;235;48;2;219;202;218m‚ñÄ[0m[38;2;255;245;235;48;2;255;255;255m [0m[38;2;222;223;252;48;2;255;255;255m‚ñÄ[0m[38;2;250;250;255;48;2;248;248;254m‚ñÄ[0m[38;2;255;255;255;48;2;246;246;254m‚ñÄ[0m[38;2;255;255;255;48;2;255;255;255m      [0m[38;2;255;255;255;48;2;245;245;254m‚ñÄ[0m[38;2;255;255;255;48;2;249;249;254m‚ñÄ[0m[38;2;255;255;255;48;2;255;255;255m                                   [0m
       [48;2;255;255;255m        [0m[38;2;245;245;245;48;2;243;243;243m‚ñÄ[0m[38;2;245;245;245;48;2;227;227;227m [0m[38;2;245;245;245;48;2;255;255;255m [0m[38;2;222;223;253;48;2;221;221;252m‚ñÄ[0m[38;2;110;114;244;48;2;133;135;244m‚ñÄ[0m[38;2;113;116;242;48;2;179;181;248m‚ñÄ[0m[38;2;143;145;245;48;2;234;235;253m‚ñÄ[0m[38;2;198;200;250;48;2;255;255;255m‚ñÄ[0m[38;2;229;212;222;48;2;249;242;242m‚ñÄ[0m[38;2;195;186;230;48;2;255;255;248m‚ñÄ[0m[38;2;212;214;253;48;2;227;228;253m‚ñÄ[0m[38;2;202;205;254;48;2;242;242;254m‚ñÄ[0m[38;2;176;162;220;48;2;255;255;255m‚ñÄ[0m[38;2;235;198;185;48;2;255;255;255m‚ñÄ[0m[38;2;237;238;254;48;2;255;255;255m‚ñÄ[0m[38;2;255;255;254;48;2;255;255;255m‚ñÄ[0m[38;2;252;251;252;48;2;255;255;255m‚ñÄ[0m[38;2;249;226;212;48;2;255;255;255m‚ñÄ[0m[38;2;249;226;212;48;2;255;255;255m  [0m[38;2;235;235;253;48;2;209;210;251m‚ñÄ[0m[38;2;228;229;253;48;2;254;255;255m‚ñÄ[0m[38;2;228;229;253;48;2;255;255;255m      [0m[38;2;226;226;252;48;2;255;255;255m‚ñÄ[0m[38;2;237;237;253;48;2;255;255;255m‚ñÄ[0m[38;2;237;237;253;48;2;255;255;255m                                   [0m
       [48;2;255;255;255m        [0m[38;2;243;243;243;48;2;244;244;244m‚ñÄ[0m[38;2;243;243;243;48;2;227;227;227m [0m[38;2;243;243;243;48;2;255;255;255m [0m[38;2;238;238;253;48;2;255;255;255m‚ñÄ[0m[38;2;217;218;251;48;2;255;255;255m‚ñÄ[0m[38;2;217;218;251;48;2;255;255;255m    [0m[38;2;215;216;252;48;2;246;246;254m‚ñÄ[0m[38;2;226;227;252;48;2;254;254;255m‚ñÄ[0m[38;2;169;170;247;48;2;240;240;254m‚ñÄ[0m[38;2;237;238;253;48;2;251;251;255m‚ñÄ[0m[38;2;237;238;253;48;2;255;255;255m [0m[38;2;255;255;255;48;2;255;254;252m‚ñÄ[0m[38;2;255;255;255;48;2;255;255;255m     [0m[38;2;250;250;254;48;2;255;255;255m‚ñÄ[0m[38;2;250;250;254;48;2;255;255;255m              [0m[38;2;255;255;255;48;2;254;232;214m‚ñÄ[0m[38;2;255;255;255;48;2;255;246;239m‚ñÄ[0m[38;2;255;255;255;48;2;255;255;255m                            [0m
       [48;2;255;255;255m     [0m[38;2;253;253;253;48;2;225;225;225m‚ñÄ[0m[38;2;249;249;249;48;2;199;199;199m‚ñÄ[0m[38;2;252;252;252;48;2;211;211;211m‚ñÄ[0m[38;2;239;239;239;48;2;197;197;197m‚ñÄ[0m[38;2;227;227;227;48;2;230;230;230m‚ñÄ[0m[38;2;227;227;227;48;2;255;255;255m [0m[38;2;255;255;255;48;2;254;237;222m‚ñÄ[0m[38;2;255;255;255;48;2;255;244;236m‚ñÄ[0m[38;2;255;255;255;48;2;255;255;255m [0m[38;2;255;255;255;48;2;255;233;215m‚ñÄ[0m[38;2;255;255;255;48;2;247;242;244m‚ñÄ[0m[38;2;255;255;255;48;2;216;218;253m‚ñÄ[0m[38;2;255;255;255;48;2;255;255;255m    [0m[38;2;255;254;253;48;2;255;242;233m‚ñÄ[0m[38;2;254;227;205;48;2;254;238;224m‚ñÄ[0m[38;2;254;227;205;48;2;255;255;255m   [0m[38;2;255;255;255;48;2;216;217;252m‚ñÄ[0m[38;2;255;255;255;48;2;240;241;254m‚ñÄ[0m[38;2;255;255;255;48;2;255;255;255m               [0m[38;2;255;251;248;48;2;255;255;255m‚ñÄ[0m[38;2;255;253;252;48;2;255;255;255m‚ñÄ[0m[38;2;255;253;252;48;2;255;255;255m                            [0m
       [48;2;255;255;255m     [0m[38;2;240;240;240;48;2;255;255;255m‚ñÄ[0m[38;2;220;220;220;48;2;255;255;255m‚ñÄ[0m[38;2;226;226;226;48;2;255;255;255m‚ñÄ[0m[38;2;218;218;218;48;2;250;250;250m‚ñÄ[0m[38;2;229;229;229;48;2;210;210;210m‚ñÄ[0m[38;2;255;255;255;48;2;219;219;219m‚ñÄ[0m[38;2;255;250;245;48;2;219;220;221m‚ñÄ[0m[38;2;255;252;249;48;2;219;220;220m‚ñÄ[0m[38;2;255;255;255;48;2;219;219;219m‚ñÄ[0m[38;2;255;248;242;48;2;219;220;221m‚ñÄ[0m[38;2;254;252;252;48;2;220;220;220m‚ñÄ[0m[38;2;242;243;255;48;2;221;221;219m‚ñÄ[0m[38;2;255;255;255;48;2;221;221;221m‚ñÄ[0m[38;2;255;255;255;48;2;218;218;218m‚ñÄ[0m[38;2;255;255;255;48;2;216;216;216m‚ñÄ[0m[38;2;255;255;255;48;2;215;215;215m‚ñÄ[0m[38;2;255;252;248;48;2;220;220;220m‚ñÄ[0m[38;2;255;250;246;48;2;219;220;220m‚ñÄ[0m[38;2;255;255;255;48;2;219;219;219m‚ñÄ‚ñÄ‚ñÄ[0m[38;2;251;251;255;48;2;220;220;219m‚ñÄ[0m[38;2;254;254;255;48;2;220;220;219m‚ñÄ[0m[38;2;255;255;255;48;2;219;219;219m‚ñÄ[0m[38;2;255;255;255;48;2;216;216;216m‚ñÄ[0m[38;2;255;255;255;48;2;218;218;218m‚ñÄ[0m[38;2;255;255;255;48;2;219;219;219m‚ñÄ‚ñÄ‚ñÄ‚ñÄ‚ñÄ‚ñÄ‚ñÄ‚ñÄ[0m[38;2;255;255;255;48;2;215;215;215m‚ñÄ[0m[38;2;255;255;255;48;2;217;217;217m‚ñÄ[0m[38;2;255;255;255;48;2;216;216;216m‚ñÄ[0m[38;2;255;255;255;48;2;219;219;219m‚ñÄ‚ñÄ‚ñÄ‚ñÄ‚ñÄ‚ñÄ‚ñÄ‚ñÄ[0m[38;2;255;255;255;48;2;214;214;214m‚ñÄ[0m[38;2;255;255;255;48;2;216;216;216m‚ñÄ[0m[38;2;255;255;255;48;2;218;218;218m‚ñÄ[0m[38;2;255;255;255;48;2;219;219;219m‚ñÄ‚ñÄ‚ñÄ‚ñÄ‚ñÄ‚ñÄ‚ñÄ[0m[38;2;255;255;255;48;2;218;218;218m‚ñÄ[0m[38;2;255;255;255;48;2;215;215;215m‚ñÄ‚ñÄ[0m[38;2;255;255;255;48;2;219;219;219m‚ñÄ[0m[38;2;255;255;255;48;2;218;218;218m‚ñÄ[0m[38;2;255;255;255;48;2;227;227;227m‚ñÄ[0m[38;2;255;255;255;48;2;255;255;255m       [0m
       [48;2;255;255;255m         [0m[38;2;254;254;254;48;2;255;255;255m‚ñÄ[0m[38;2;253;253;253;48;2;255;255;255m‚ñÄ‚ñÄ‚ñÄ‚ñÄ‚ñÄ‚ñÄ‚ñÄ[0m[38;2;236;236;236;48;2;241;241;241m‚ñÄ[0m[38;2;229;229;229;48;2;236;236;236m‚ñÄ[0m[38;2;203;203;203;48;2;212;212;212m‚ñÄ[0m[38;2;194;194;194;48;2;214;214;214m‚ñÄ[0m[38;2;244;244;244;48;2;250;250;250m‚ñÄ[0m[38;2;253;253;253;48;2;255;255;255m‚ñÄ‚ñÄ‚ñÄ‚ñÄ‚ñÄ‚ñÄ‚ñÄ[0m[38;2;200;200;200;48;2;220;220;220m‚ñÄ[0m[38;2;221;221;221;48;2;234;234;234m‚ñÄ[0m[38;2;253;253;253;48;2;255;255;255m‚ñÄ‚ñÄ‚ñÄ‚ñÄ‚ñÄ‚ñÄ‚ñÄ‚ñÄ[0m[38;2;220;220;220;48;2;230;230;230m‚ñÄ[0m[38;2;200;200;200;48;2;214;214;214m‚ñÄ[0m[38;2;204;204;204;48;2;225;225;225m‚ñÄ[0m[38;2;253;253;253;48;2;255;255;255m‚ñÄ‚ñÄ‚ñÄ‚ñÄ‚ñÄ‚ñÄ‚ñÄ[0m[38;2;251;251;251;48;2;252;252;252m‚ñÄ[0m[38;2;206;206;206;48;2;212;212;212m‚ñÄ[0m[38;2;188;188;188;48;2;214;214;214m‚ñÄ[0m[38;2;224;224;224;48;2;236;236;236m‚ñÄ[0m[38;2;253;253;253;48;2;255;255;255m‚ñÄ‚ñÄ‚ñÄ‚ñÄ‚ñÄ‚ñÄ‚ñÄ[0m[38;2;247;247;247;48;2;248;248;248m‚ñÄ[0m[38;2;187;187;187;48;2;212;212;212m‚ñÄ[0m[38;2;188;188;188;48;2;211;211;211m‚ñÄ[0m[38;2;242;242;242;48;2;249;249;249m‚ñÄ[0m[38;2;253;253;253;48;2;255;255;255m‚ñÄ‚ñÄ[0m[38;2;253;253;253;48;2;255;255;255m       [0m
       [48;2;255;255;255m                                [0m[38;2;254;254;254;48;2;252;252;252m‚ñÄ[0m[38;2;237;237;237;48;2;191;191;191m‚ñÄ[0m[38;2;247;247;247;48;2;187;187;187m‚ñÄ[0m[38;2;237;237;237;48;2;184;184;184m‚ñÄ[0m[38;2;248;248;248;48;2;181;181;181m‚ñÄ[0m[38;2;239;239;239;48;2;191;191;191m‚ñÄ[0m[38;2;240;240;240;48;2;220;220;220m‚ñÄ[0m[38;2;241;241;241;48;2;179;179;179m‚ñÄ[0m[38;2;235;235;235;48;2;185;185;185m‚ñÄ[0m[38;2;235;235;235;48;2;201;201;201m‚ñÄ[0m[38;2;235;235;235;48;2;255;255;255m                               [0m
       [38;2;255;255;255m‚ñÄ‚ñÄ‚ñÄ‚ñÄ‚ñÄ‚ñÄ‚ñÄ‚ñÄ‚ñÄ‚ñÄ‚ñÄ‚ñÄ‚ñÄ‚ñÄ‚ñÄ‚ñÄ‚ñÄ‚ñÄ‚ñÄ‚ñÄ‚ñÄ‚ñÄ‚ñÄ‚ñÄ‚ñÄ‚ñÄ‚ñÄ‚ñÄ‚ñÄ‚ñÄ‚ñÄ‚ñÄ‚ñÄ[0m[38;2;238;238;238m‚ñÄ[0m[38;2;232;232;232m‚ñÄ[0m[38;2;237;237;237m‚ñÄ[0m[38;2;228;228;228m‚ñÄ[0m[38;2;238;238;238m‚ñÄ[0m[38;2;246;246;246m‚ñÄ[0m[38;2;231;231;231m‚ñÄ[0m[38;2;238;238;238m‚ñÄ[0m[38;2;243;243;243m‚ñÄ[0m[38;2;255;255;255m‚ñÄ‚ñÄ‚ñÄ‚ñÄ‚ñÄ‚ñÄ‚ñÄ‚ñÄ‚ñÄ‚ñÄ‚ñÄ‚ñÄ‚ñÄ‚ñÄ‚ñÄ‚ñÄ‚ñÄ‚ñÄ‚ñÄ‚ñÄ‚ñÄ‚ñÄ‚ñÄ‚ñÄ‚ñÄ‚ñÄ‚ñÄ‚ñÄ‚ñÄ‚ñÄ‚ñÄ[0m
                                                                                
